RELEASE_FILE_CHECKSUMS_VERIFIED 211
#0 building with "default" instance using docker driver

#1 [internal] load build definition from Dockerfile
#1 DONE 0.0s

#1 [internal] load build definition from Dockerfile
#1 transferring dockerfile:
#1 transferring dockerfile: 879B 0.0s done
#1 DONE 5.1s

#2 [internal] load metadata for docker.io/library/python:3.12-slim-bookworm
#2 DONE 8.8s

#3 [internal] load .dockerignore
#3 transferring context:
#3 transferring context: 588B done
#3 DONE 5.8s

#4 [internal] load build context
#4 DONE 0.0s

#5 [1/7] FROM docker.io/library/python:3.12-slim-bookworm@sha256:34386ef0cb081344d7ec1c103ba398e6e9f64e9ab3a1509accc92a4e24a07258
#5 resolve docker.io/library/python:3.12-slim-bookworm@sha256:34386ef0cb081344d7ec1c103ba398e6e9f64e9ab3a1509accc92a4e24a07258
#5 resolve docker.io/library/python:3.12-slim-bookworm@sha256:34386ef0cb081344d7ec1c103ba398e6e9f64e9ab3a1509accc92a4e24a07258 10.3s done
#5 DONE 10.9s

#4 [internal] load build context
#4 transferring context:
#4 transferring context: 14.29kB 0.0s done
#4 DONE 6.2s

#6 [2/7] WORKDIR /app
#6 CACHED

#7 [3/7] COPY backend/requirements.lock /app/backend/requirements.lock
#7 CACHED

#8 [4/7] RUN pip install --no-cache-dir -r backend/requirements.lock     && groupadd --gid 10001 horizon     && useradd --uid 10001 --gid horizon --no-create-home horizon
#8 23.31 Collecting annotated-doc==0.0.5 (from -r backend/requirements.lock (line 1))
#8 23.47   Downloading annotated_doc-0.0.5-py3-none-any.whl.metadata (6.5 kB)
#8 23.50 Collecting annotated-types==0.8.0 (from -r backend/requirements.lock (line 2))
#8 23.52   Downloading annotated_types-0.8.0-py3-none-any.whl.metadata (15 kB)
#8 23.58 Collecting anyio==4.15.1 (from -r backend/requirements.lock (line 3))
#8 23.60   Downloading anyio-4.15.1-py3-none-any.whl.metadata (4.7 kB)
#8 23.64 Collecting certifi==2026.7.22 (from -r backend/requirements.lock (line 4))
#8 23.66   Downloading certifi-2026.7.22-py3-none-any.whl.metadata (2.5 kB)
#8 23.72 Collecting click==8.5.0 (from -r backend/requirements.lock (line 5))
#8 23.74   Downloading click-8.5.0-py3-none-any.whl.metadata (2.6 kB)
#8 23.86 Collecting fastapi==0.142.2 (from -r backend/requirements.lock (line 6))
#8 23.88   Downloading fastapi-0.142.2-py3-none-any.whl.metadata (27 kB)
#8 23.93 Collecting h11==0.16.0 (from -r backend/requirements.lock (line 7))
#8 23.95   Downloading h11-0.16.0-py3-none-any.whl.metadata (8.3 kB)
#8 23.99 Collecting httpcore==1.0.9 (from -r backend/requirements.lock (line 8))
#8 24.01   Downloading httpcore-1.0.9-py3-none-any.whl.metadata (21 kB)
#8 24.05 Collecting httpx==0.28.1 (from -r backend/requirements.lock (line 9))
#8 24.07   Downloading httpx-0.28.1-py3-none-any.whl.metadata (7.1 kB)
#8 24.17 Collecting idna==3.20 (from -r backend/requirements.lock (line 10))
#8 24.19   Downloading idna-3.20-py3-none-any.whl.metadata (7.2 kB)
#8 24.22 Collecting iniconfig==2.3.0 (from -r backend/requirements.lock (line 11))
#8 24.24   Downloading iniconfig-2.3.0-py3-none-any.whl.metadata (2.5 kB)
#8 24.29 Collecting opentelemetry-api==1.45.0 (from -r backend/requirements.lock (line 12))
#8 24.31   Downloading opentelemetry_api-1.45.0-py3-none-any.whl.metadata (1.4 kB)
#8 24.35 Collecting packaging==26.3 (from -r backend/requirements.lock (line 13))
#8 24.37   Downloading packaging-26.3-py3-none-any.whl.metadata (3.5 kB)
#8 24.40 Collecting pluggy==1.6.0 (from -r backend/requirements.lock (line 14))
#8 24.42   Downloading pluggy-1.6.0-py3-none-any.whl.metadata (4.8 kB)
#8 24.46 Collecting psycopg==3.3.6 (from -r backend/requirements.lock (line 15))
#8 24.48   Downloading psycopg-3.3.6-py3-none-any.whl.metadata (4.4 kB)
#8 24.80 Collecting psycopg-binary==3.3.6 (from -r backend/requirements.lock (line 16))
#8 24.82   Downloading psycopg_binary-3.3.6-cp312-cp312-manylinux2014_x86_64.manylinux_2_17_x86_64.whl.metadata (2.7 kB)
#8 25.05 Collecting pydantic==2.13.5 (from -r backend/requirements.lock (line 17))
#8 25.06   Downloading pydantic-2.13.5-py3-none-any.whl.metadata (110 kB)
#8 26.59 Collecting pydantic_core==2.46.5 (from -r backend/requirements.lock (line 18))
#8 26.61   Downloading pydantic_core-2.46.5-cp312-cp312-manylinux_2_17_x86_64.manylinux2014_x86_64.whl.metadata (6.6 kB)
#8 26.65 Collecting Pygments==2.21.0 (from -r backend/requirements.lock (line 19))
#8 26.67   Downloading pygments-2.21.0-py3-none-any.whl.metadata (2.5 kB)
#8 26.75 Collecting pytest==9.1.1 (from -r backend/requirements.lock (line 20))
#8 26.77   Downloading pytest-9.1.1-py3-none-any.whl.metadata (7.6 kB)
#8 26.81 Collecting python-dotenv==1.2.1 (from -r backend/requirements.lock (line 21))
#8 26.83   Downloading python_dotenv-1.2.1-py3-none-any.whl.metadata (25 kB)
#8 27.45 Collecting SQLAlchemy==2.1.3 (from -r backend/requirements.lock (line 22))
#8 27.47   Downloading sqlalchemy-2.1.3-cp312-cp312-manylinux2014_x86_64.manylinux_2_17_x86_64.manylinux_2_28_x86_64.whl.metadata (9.7 kB)
#8 27.57 Collecting starlette==1.7.0 (from -r backend/requirements.lock (line 23))
#8 27.59   Downloading starlette-1.7.0-py3-none-any.whl.metadata (6.6 kB)
#8 27.62 Collecting typing-inspection==0.4.4 (from -r backend/requirements.lock (line 24))
#8 27.64   Downloading typing_inspection-0.4.4-py3-none-any.whl.metadata (2.6 kB)
#8 27.67 Collecting typing_extensions==4.16.0 (from -r backend/requirements.lock (line 25))
#8 27.69   Downloading typing_extensions-4.16.0-py3-none-any.whl.metadata (3.3 kB)
#8 27.76 Collecting uvicorn==0.54.0 (from -r backend/requirements.lock (line 26))
#8 27.78   Downloading uvicorn-0.54.0-py3-none-any.whl.metadata (6.6 kB)
#8 28.03 Downloading annotated_doc-0.0.5-py3-none-any.whl (5.3 kB)
#8 28.05 Downloading annotated_types-0.8.0-py3-none-any.whl (13 kB)
#8 28.08 Downloading anyio-4.15.1-py3-none-any.whl (132 kB)
#8 28.19 Downloading certifi-2026.7.22-py3-none-any.whl (136 kB)
#8 28.32 Downloading click-8.5.0-py3-none-any.whl (125 kB)
#8 28.43 Downloading fastapi-0.142.2-py3-none-any.whl (144 kB)
#8 28.55 Downloading h11-0.16.0-py3-none-any.whl (37 kB)
#8 28.58 Downloading httpcore-1.0.9-py3-none-any.whl (78 kB)
#8 28.66 Downloading httpx-0.28.1-py3-none-any.whl (73 kB)
#8 28.74 Downloading idna-3.20-py3-none-any.whl (69 kB)
#8 28.82 Downloading iniconfig-2.3.0-py3-none-any.whl (7.5 kB)
#8 28.84 Downloading opentelemetry_api-1.45.0-py3-none-any.whl (60 kB)
#8 28.93 Downloading packaging-26.3-py3-none-any.whl (129 kB)
#8 29.06 Downloading pluggy-1.6.0-py3-none-any.whl (20 kB)
#8 29.09 Downloading psycopg-3.3.6-py3-none-any.whl (215 kB)
#8 29.35 Downloading psycopg_binary-3.3.6-cp312-cp312-manylinux2014_x86_64.manylinux_2_17_x86_64.whl (5.2 MB)
#8 35.18    ━━━━━━━━━━━━━━━━━━━━━━━━━━━━━━━━━━━━━━━━ 5.2/5.2 MB 904.7 kB/s eta 0:00:00
#8 35.22 Downloading pydantic-2.13.5-py3-none-any.whl (472 kB)
#8 35.76 Downloading pydantic_core-2.46.5-cp312-cp312-manylinux_2_17_x86_64.manylinux2014_x86_64.whl (2.1 MB)
#8 37.70    ━━━━━━━━━━━━━━━━━━━━━━━━━━━━━━━━━━━━━━━━ 2.1/2.1 MB 1.0 MB/s eta 0:00:00
#8 37.72 Downloading pygments-2.21.0-py3-none-any.whl (1.3 MB)
#8 38.78    ━━━━━━━━━━━━━━━━━━━━━━━━━━━━━━━━━━━━━━━━ 1.3/1.3 MB 1.3 MB/s eta 0:00:00
#8 38.80 Downloading pytest-9.1.1-py3-none-any.whl (386 kB)
#8 39.05 Downloading python_dotenv-1.2.1-py3-none-any.whl (21 kB)
#8 39.10 Downloading sqlalchemy-2.1.3-cp312-cp312-manylinux2014_x86_64.manylinux_2_17_x86_64.manylinux_2_28_x86_64.whl (4.7 MB)
#8 44.09    ━━━━━━━━━━━━━━━━━━━━━━━━━━━━━━━━━━━━━━━━ 4.7/4.7 MB 921.9 kB/s eta 0:00:00
#8 44.12 Downloading starlette-1.7.0-py3-none-any.whl (78 kB)
#8 44.18 Downloading typing_inspection-0.4.4-py3-none-any.whl (14 kB)
#8 44.21 Downloading typing_extensions-4.16.0-py3-none-any.whl (45 kB)
#8 44.27 Downloading uvicorn-0.54.0-py3-none-any.whl (87 kB)
#8 44.55 Installing collected packages: typing_extensions, python-dotenv, Pygments, psycopg-binary, pluggy, packaging, iniconfig, idna, h11, click, certifi, annotated-types, annotated-doc, uvicorn, typing-inspection, SQLAlchemy, pytest, pydantic_core, psycopg, opentelemetry-api, httpcore, anyio, starlette, pydantic, httpx, fastapi
#8 140.2 Successfully installed Pygments-2.21.0 SQLAlchemy-2.1.3 annotated-doc-0.0.5 annotated-types-0.8.0 anyio-4.15.1 certifi-2026.7.22 click-8.5.0 fastapi-0.142.2 h11-0.16.0 httpcore-1.0.9 httpx-0.28.1 idna-3.20 iniconfig-2.3.0 opentelemetry-api-1.45.0 packaging-26.3 pluggy-1.6.0 psycopg-3.3.6 psycopg-binary-3.3.6 pydantic-2.13.5 pydantic_core-2.46.5 pytest-9.1.1 python-dotenv-1.2.1 starlette-1.7.0 typing-inspection-0.4.4 typing_extensions-4.16.0 uvicorn-0.54.0
#8 140.2 WARNING: Running pip as the 'root' user can result in broken permissions and conflicting behaviour with the system package manager, possibly rendering your system unusable. It is recommended to use a virtual environment instead: https://pip.pypa.io/warnings/venv. Use the --root-user-action option if you know what you are doing and want to suppress this warning.
#8 140.4 
#8 140.4 [notice] A new release of pip is available: 25.0.1 -> 26.2.1
#8 140.4 [notice] To update, run: pip install --upgrade pip
#8 DONE 186.2s

#9 [5/7] COPY backend /app/backend
#9 DONE 27.1s

#10 [6/7] COPY outputs /app/outputs
#10 DONE 39.0s

#11 [7/7] RUN mkdir /app/.runtime && chown horizon:horizon /app/.runtime
#11 DONE 42.8s

#12 exporting to image
#12 exporting layers
#12 exporting layers 158.8s done
#12 exporting manifest sha256:fcb139b26707321d57c612ca2e434f9cce9afbd0bb941cca158832a01ddaea9d
#12 exporting manifest sha256:fcb139b26707321d57c612ca2e434f9cce9afbd0bb941cca158832a01ddaea9d 3.4s done
#12 exporting config sha256:026d3dd9408bbae3175f225f1afd72b550dd677b9b3586062168533f601d3467
#12 exporting config sha256:026d3dd9408bbae3175f225f1afd72b550dd677b9b3586062168533f601d3467 5.2s done
#12 exporting attestation manifest sha256:48edca6a51ba8d8355c19d9e15b483c4adb20ef1ac2414c41a41d7a8f2056851
#12 exporting attestation manifest sha256:48edca6a51ba8d8355c19d9e15b483c4adb20ef1ac2414c41a41d7a8f2056851 7.5s done
#12 exporting manifest list sha256:4cec0602445d515db19c1d8d1e76d0ca4b49bca6029a51fa71ec393eb4002099
#12 exporting manifest list sha256:4cec0602445d515db19c1d8d1e76d0ca4b49bca6029a51fa71ec393eb4002099 3.4s done
#12 naming to docker.io/library/horizon-api:20261007t125050z-f062081aa6
#12 naming to docker.io/library/horizon-api:20261007t125050z-f062081aa6 0.4s done
#12 unpacking to docker.io/library/horizon-api:20261007t125050z-f062081aa6
#12 unpacking to docker.io/library/horizon-api:20261007t125050z-f062081aa6 56.9s done
#12 DONE 239.3s
/usr/local/lib/python3.12/site-packages/fastapi/testclient.py:1: StarletteDeprecationWarning: Using `httpx` with `starlette.testclient` is deprecated; install `httpx2` instead.
  from starlette.testclient import TestClient as TestClient  # noqa
PACKAGED_APPLICATION_SMOKE_PASSED
